[2026-09-26 11:20:18] ======================================================================
[2026-09-26 11:20:18] STARTING SEQUENTIAL BENCHMARK CAMPAIGN: 33 TOTAL RUNS
[2026-09-26 11:20:18] Subsets: [0, 1, 2, 3, 4, 5, 6, 7, 8, 9, 10]
[2026-09-26 11:20:18] Runs per subset: [0, 1, 2]
[2026-09-26 11:20:18] ======================================================================
[2026-09-26 11:20:18] ------------------------------------------------------------
[2026-09-26 11:20:18] ▶️ Task [1/33]: Launching Subset=0, Run=0
[2026-09-26 11:20:29] ⚠️ Supervisor received KeyboardInterrupt. Propagating SIGTERM to worker process group...
[2026-09-26 11:20:29] 🛑 Campaign aborted by operator.
[2026-09-26 11:26:50] ======================================================================
[2026-09-26 11:26:50] STARTING SEQUENTIAL BENCHMARK CAMPAIGN: 33 TOTAL RUNS
[2026-09-26 11:26:50] Subsets: [0, 1, 2, 3, 4, 5, 6, 7, 8, 9, 10]
[2026-09-26 11:26:50] Runs per subset: [0, 1, 2]
[2026-09-26 11:26:50] ======================================================================
[2026-09-26 11:26:50] ------------------------------------------------------------
[2026-09-26 11:26:50] ▶️ Task [1/33]: Launching Subset=0, Run=0
[2026-09-26 11:27:29] ⚠️ Supervisor received KeyboardInterrupt. Propagating SIGTERM to worker process group...
[2026-09-26 11:27:30] 🛑 Campaign aborted by operator.
[2026-09-26 11:27:53] ======================================================================
[2026-09-26 11:27:53] STARTING SEQUENTIAL BENCHMARK CAMPAIGN: 33 TOTAL RUNS
[2026-09-26 11:27:53] Subsets: [0, 1, 2, 3, 4, 5, 6, 7, 8, 9, 10]
[2026-09-26 11:27:53] Runs per subset: [0, 1, 2]
[2026-09-26 11:27:53] ======================================================================
[2026-09-26 11:27:53] ------------------------------------------------------------
[2026-09-26 11:27:53] ▶️ Task [1/33]: Launching Subset=0, Run=0
[2026-09-26 15:42:40] ❌ FAILED Task [1/33] (Subset=0, Run=0) with exit code 1
[2026-09-26 15:42:45] ------------------------------------------------------------
[2026-09-26 15:42:45] ▶️ Task [2/33]: Launching Subset=0, Run=1
[2026-09-26 19:18:04] ❌ FAILED Task [2/33] (Subset=0, Run=1) with exit code 1
[2026-09-26 19:18:09] ------------------------------------------------------------
[2026-09-26 19:18:09] ▶️ Task [3/33]: Launching Subset=0, Run=2
[2026-09-26 23:14:27] ❌ FAILED Task [3/33] (Subset=0, Run=2) with exit code 1
[2026-09-26 23:14:32] ------------------------------------------------------------
[2026-09-26 23:14:32] ▶️ Task [4/33]: Launching Subset=1, Run=0
[2026-09-27 03:38:06] ❌ FAILED Task [4/33] (Subset=1, Run=0) with exit code 1
[2026-09-27 03:38:11] ------------------------------------------------------------
[2026-09-27 03:38:11] ▶️ Task [5/33]: Launching Subset=1, Run=1
[2026-09-27 07:57:26] ❌ FAILED Task [5/33] (Subset=1, Run=1) with exit code 1
[2026-09-27 07:57:31] ------------------------------------------------------------
[2026-09-27 07:57:31] ▶️ Task [6/33]: Launching Subset=1, Run=2
[2026-09-27 12:16:49] ❌ FAILED Task [6/33] (Subset=1, Run=2) with exit code 1
[2026-09-27 12:16:54] ------------------------------------------------------------
[2026-09-27 12:16:54] ▶️ Task [7/33]: Launching Subset=2, Run=0
[2026-09-27 16:14:01] ❌ FAILED Task [7/33] (Subset=2, Run=0) with exit code 1
[2026-09-27 16:14:06] ------------------------------------------------------------
[2026-09-27 16:14:06] ▶️ Task [8/33]: Launching Subset=2, Run=1
[2026-09-27 19:57:35] ❌ FAILED Task [8/33] (Subset=2, Run=1) with exit code 1
[2026-09-27 19:57:40] ------------------------------------------------------------
[2026-09-27 19:57:40] ▶️ Task [9/33]: Launching Subset=2, Run=2
[2026-09-27 23:41:04] ❌ FAILED Task [9/33] (Subset=2, Run=2) with exit code 1
[2026-09-27 23:41:09] ------------------------------------------------------------
[2026-09-27 23:41:09] ▶️ Task [10/33]: Launching Subset=3, Run=0
[2026-09-28 03:31:20] ❌ FAILED Task [10/33] (Subset=3, Run=0) with exit code 1
[2026-09-28 03:31:25] ------------------------------------------------------------
[2026-09-28 03:31:25] ▶️ Task [11/33]: Launching Subset=3, Run=1
[2026-09-28 06:55:52] ❌ FAILED Task [11/33] (Subset=3, Run=1) with exit code 1
[2026-09-28 06:55:57] ------------------------------------------------------------
[2026-09-28 06:55:57] ▶️ Task [12/33]: Launching Subset=3, Run=2
[2026-09-28 10:20:29] ❌ FAILED Task [12/33] (Subset=3, Run=2) with exit code 1
[2026-09-28 10:20:34] ------------------------------------------------------------
[2026-09-28 10:20:34] ▶️ Task [13/33]: Launching Subset=4, Run=0
[2026-09-28 14:19:36] ❌ FAILED Task [13/33] (Subset=4, Run=0) with exit code 1
[2026-09-28 14:19:41] ------------------------------------------------------------
[2026-09-28 14:19:41] ▶️ Task [14/33]: Launching Subset=4, Run=1
[2026-09-28 17:36:11] ❌ FAILED Task [14/33] (Subset=4, Run=1) with exit code 1
[2026-09-28 17:36:16] ------------------------------------------------------------
[2026-09-28 17:36:16] ▶️ Task [15/33]: Launching Subset=4, Run=2
[2026-09-28 21:54:03] ❌ FAILED Task [15/33] (Subset=4, Run=2) with exit code 1
[2026-09-28 21:54:08] ------------------------------------------------------------
[2026-09-28 21:54:08] ▶️ Task [16/33]: Launching Subset=5, Run=0
[2026-09-29 00:57:33] ❌ FAILED Task [16/33] (Subset=5, Run=0) with exit code 1
[2026-09-29 00:57:38] ------------------------------------------------------------
[2026-09-29 00:57:38] ▶️ Task [17/33]: Launching Subset=5, Run=1
[2026-09-29 04:48:12] ❌ FAILED Task [17/33] (Subset=5, Run=1) with exit code 1
[2026-09-29 04:48:17] ------------------------------------------------------------
[2026-09-29 04:48:17] ▶️ Task [18/33]: Launching Subset=5, Run=2
[2026-09-29 08:29:34] ❌ FAILED Task [18/33] (Subset=5, Run=2) with exit code 1
[2026-09-29 08:29:39] ------------------------------------------------------------
[2026-09-29 08:29:39] ▶️ Task [19/33]: Launching Subset=6, Run=0
[2026-09-29 13:17:44] ❌ FAILED Task [19/33] (Subset=6, Run=0) with exit code 1
[2026-09-29 13:17:49] ------------------------------------------------------------
[2026-09-29 13:17:49] ▶️ Task [20/33]: Launching Subset=6, Run=1
[2026-09-29 18:05:18] ❌ FAILED Task [20/33] (Subset=6, Run=1) with exit code 1
[2026-09-29 18:05:23] ------------------------------------------------------------
[2026-09-29 18:05:23] ▶️ Task [21/33]: Launching Subset=6, Run=2
[2026-09-29 20:04:29] ❌ FAILED Task [21/33] (Subset=6, Run=2) with exit code 1
[2026-09-29 20:04:34] ------------------------------------------------------------
[2026-09-29 20:04:34] ▶️ Task [22/33]: Launching Subset=7, Run=0
[2026-09-29 23:23:17] ❌ FAILED Task [22/33] (Subset=7, Run=0) with exit code 1
[2026-09-29 23:23:22] ------------------------------------------------------------
[2026-09-29 23:23:22] ▶️ Task [23/33]: Launching Subset=7, Run=1
[2026-09-30 01:13:37] ❌ FAILED Task [23/33] (Subset=7, Run=1) with exit code 1
[2026-09-30 01:13:42] ------------------------------------------------------------
[2026-09-30 01:13:42] ▶️ Task [24/33]: Launching Subset=7, Run=2
[2026-09-30 04:29:06] ❌ FAILED Task [24/33] (Subset=7, Run=2) with exit code 1
[2026-09-30 04:29:11] ------------------------------------------------------------
[2026-09-30 04:29:11] ▶️ Task [25/33]: Launching Subset=8, Run=0
[2026-09-30 07:31:51] ❌ FAILED Task [25/33] (Subset=8, Run=0) with exit code 1
[2026-09-30 07:31:56] ------------------------------------------------------------
[2026-09-30 07:31:56] ▶️ Task [26/33]: Launching Subset=8, Run=1
[2026-09-30 11:12:31] ❌ FAILED Task [26/33] (Subset=8, Run=1) with exit code 1
[2026-09-30 11:12:36] ------------------------------------------------------------
[2026-09-30 11:12:36] ▶️ Task [27/33]: Launching Subset=8, Run=2
[2026-09-30 15:18:32] ❌ FAILED Task [27/33] (Subset=8, Run=2) with exit code 1
[2026-09-30 15:18:37] ------------------------------------------------------------
[2026-09-30 15:18:37] ▶️ Task [28/33]: Launching Subset=9, Run=0
[2026-09-30 17:05:39] ❌ FAILED Task [28/33] (Subset=9, Run=0) with exit code 1
[2026-09-30 17:05:44] ------------------------------------------------------------
[2026-09-30 17:05:44] ▶️ Task [29/33]: Launching Subset=9, Run=1
[2026-09-30 18:53:16] ❌ FAILED Task [29/33] (Subset=9, Run=1) with exit code 1
[2026-09-30 18:53:21] ------------------------------------------------------------
[2026-09-30 18:53:21] ▶️ Task [30/33]: Launching Subset=9, Run=2
[2026-09-30 21:29:35] ❌ FAILED Task [30/33] (Subset=9, Run=2) with exit code 1
[2026-09-30 21:29:40] ------------------------------------------------------------
[2026-09-30 21:29:40] ▶️ Task [31/33]: Launching Subset=10, Run=0
[2026-10-01 01:02:36] ❌ FAILED Task [31/33] (Subset=10, Run=0) with exit code 1
[2026-10-01 01:02:41] ------------------------------------------------------------
[2026-10-01 01:02:41] ▶️ Task [32/33]: Launching Subset=10, Run=1
[2026-10-01 03:32:49] ❌ FAILED Task [32/33] (Subset=10, Run=1) with exit code 1
[2026-10-01 03:32:55] ------------------------------------------------------------
[2026-10-01 03:32:55] ▶️ Task [33/33]: Launching Subset=10, Run=2
[2026-10-01 06:45:35] ❌ FAILED Task [33/33] (Subset=10, Run=2) with exit code 1
[2026-10-01 06:45:40] ======================================================================
[2026-10-01 06:45:40] CAMPAIGN COMPLETE
[2026-10-01 06:45:40] Total Successful: 0/33
[2026-10-01 06:45:40] Failed Runs: [(0, 0, 1), (0, 1, 1), (0, 2, 1), (1, 0, 1), (1, 1, 1), (1, 2, 1), (2, 0, 1), (2, 1, 1), (2, 2, 1), (3, 0, 1), (3, 1, 1), (3, 2, 1), (4, 0, 1), (4, 1, 1), (4, 2, 1), (5, 0, 1), (5, 1, 1), (5, 2, 1), (6, 0, 1), (6, 1, 1), (6, 2, 1), (7, 0, 1), (7, 1, 1), (7, 2, 1), (8, 0, 1), (8, 1, 1), (8, 2, 1), (9, 0, 1), (9, 1, 1), (9, 2, 1), (10, 0, 1), (10, 1, 1), (10, 2, 1)]
[2026-10-01 06:45:40] ======================================================================
